<?xml version="1.0" encoding="utf-8"?><testsuites><testsuite name="pytest" errors="0" failures="0" skipped="0" tests="4" time="241.064" timestamp="2024-12-22T16:27:07.045475-05:00" hostname="DESKTOP-2H998CT"><testcase classname="tests.model.test_model.TestModel" name="test_model_fit" time="57.081" /><testcase classname="tests.model.test_model.TestModel" name="test_model_predict" time="57.979" /><testcase classname="tests.model.test_model.TestModel" name="test_model_preprocess_for_serving" time="56.058" /><testcase classname="tests.model.test_model.TestModel" name="test_model_preprocess_for_training" time="55.714" /></testsuite></testsuites>